This is e-pTeX, Version 3.14159265-p3.8.2-190131-2.6 (utf8.sjis) (TeX Live 2019/W32TeX) (preloaded format=platex 2019.5.7)  9 AUG 2020 20:45
entering extended mode
 restricted \write18 enabled.
 %&-line parsing enabled.
**test.tex
(c:/w32tex/share/texmf-dist/tex/context/example-tst/mkiv/tags/test.tex
pLaTeX2e <2019-04-06> (based on LaTeX2e <2018-12-01>)
! Undefined control sequence.
l.1 \nopdfcompression
                     
? 
! Emergency stop.
l.1 \nopdfcompression
                     
End of file on the terminal!

 
Here is how much of TeX's memory you used:
 5 strings out of 493223
 211 string characters out of 6146344
 61909 words of memory out of 5000000
 4096 multiletter control sequences out of 15000+600000
 7511 words of font info for 31 fonts, out of 8000000 for 9000
 929 hyphenation exceptions out of 8191
 5i,0n,3p,28b,8s stack positions out of 5000i,500n,10000p,500000b,80000s
No pages of output.
